[   0.000000] Initializing cgroup subsys cpuset
[    0.000000] Initializing cgroup subsys cpu
[    0.000000] Initializing cgroup subsys cpuacct
[    0.00000]Linux rsion 4.4.0-137-generic (buildd@lgw01-amd64-037) (gcc version 5.4.0 20160609 (Ubuntu 5.4.0-6ubuntu1~16.04.10) ) #163-Ubuntu SMP Mon Sep 24 13:14:43 UTC 2018 (Ubuntu 4.4.0-137.163-generic 4.4.144)
[    0.000000] Command line: BOOT_IMAGE=/boot/vmlinuz-4.4.0-137-generic root=LABEL=cloudimg-rootfs ro console=tt console=ttyS0
[    0.000000] KERNEL supported cpus:
[   .000000]   Intel GenuineeIntel
[   0.000000]   AMD AuthenticAMD
[    0.000000]   Centaur CentaurHauls
[    0.00000 x86/fpu: xsttate_offset[2]:  576, xsta_sizes[2]:  256
[    0.000000] x86/fpu: Suppotig XSAVE feature 0x: 'x87 floating point registers'[    0.0000] x86/fpu: Supporting XSAVE feature 0x02: 'SSE registers'
[    0.000000] x86/fpu: Supporting XSAVE feature 0x04: 'AVX registers'
[    0.000000] x86/fpu: Enabled xstate features 0x7, context size is 832 bytes, using 'standard' format.
[    0.00000] e820: BIOS-provided physical RAM map:
[    0.000000] BIOS-e820: [mem 0x0000000000000000-0x000000000009fbff] usable
[    0.000000] BIOS-e820: [mem 0x000000000009fc00-0x000000000009ffff] reserved
[    0.000000] BIOS-e820: [mem 0x00000000000f0000-0x00000000000fffff] reserved
[    0.000000] BIOS-e820: [mem 0x0000000000100000-0x000000003ffeffff] usable
[    0.000000] BIOS-e820: [mem 0x000000003fff0000-0x000000003fffffff] ACPI data
[    0.000000] BIOS-e820: [mem 0x00000000fec00000-0x00000000fec00fff] reserved
[    0.000000] BIOS-e820: [mem 0x00000000fee00000-0x00000000fee00fff] reserved
[    0.000000] BIOS-e820: [mem 0x00000000fffc0000-0x000000ffffffff] reserved
[    0.000000] NX (Execute Disable) protection: active
[    0.000000] SMBIOS 2.5 present.
[    0.000000] Hypervisor detected: KVM
[    0.000000] e820: last_pfn = 0x3fff0 max_arch_pfn = 0x400000000
[    0.000000] MTRR: Disabled
[    0.000000] x86/PAT: MTRRs disabled, skipping PAT initialization too.
[    0.000000] CPU MTRRs alll blank - virtualized system.
[   .0000] x86/PT: Cnfiguration [0-7]: WB  WT  UC- UC  WB  WT  UC- UC  
[    0.000000]foundSMP MP-table at [mem 0x0009fff0-0x0009ffff] mapped at [ffff88000009fff0]
[  0.0000] Scanning 1 areas for low memory corruption
[    0.0000] RMDISK: [mem 0x3630e000-0x3717efff]
[    0.000000] ACPI: Early table checksum rification disabled
[    0.000000] ACPI: RSDP 0x00000000000E0000 000024 (v02 VBOX  )
[   0000000] ACPI: XSDT 0x000000003FFF0030 00003C (v01 VBOX   VBOXXSDT 00000001 ASL  00000061)
[    0.000000] ACPI: FACP 0x000000003FFF00F0 0000F4 (v04 VBOX   VBOXFACP 00000001 ASL  00000061)
[    0.000000] ACPI: DSDT 0x000000003FFF0470 0021FF (v02 VBOX   VBOXBIOS 00000002 INTL 20100528)
[    0.000000] ACPI: FACS 0x000000003FFF0200 000040
[    0.000000] ACPI: FACS 0x000000003FFF0200 000040
[    0.000000] ACPI: APIC 0x000000003FFF0240 00005C (v02 VBOX   VBOXAPIC 00000001 ASL  00000061)
[    0.000000] ACPI: SSDT 0x000000003FFF02A0 0001CC (v01 VBOX   VBOXCPUT 00000002 INTL 20100528)
[    0.000000] No NUMA configuration found
[    0.000000] Faking a node at [mem 0x0000000000000000-0x000000003ffeffff]
[    0.00000] NODE_DATA(0)llocated [me0x3ffeb000-3ffeffff]
[    0.0000] kvm-clock: Using msrs 4b564d01 and 4b564d00
[    0.000000] kvm-clock: cpu 0, msr 0:3ffe3001, primary cpu clock
[    0.000000] kvm-clock: using sched offset of 3803750046 cycles
[    0.000000] clocksource: kvm-clock: mask: 0xffffffffffffffff max_cycles: 0x1cd42e4dffb, max_idle_ns: 881590591483 ns
[    0.000000] Zone ranges:
[    0.000000]   DMA      [mem 0x0000000000001000-0x0000000000ffffff]
[    0.000000]   DMA32    [mem 0x0000000001000000-0x000000003ffeffff]
[    0.000000]   Normal   empty
[    0.000000]   Device   empty
[    0.000000] Movable zone start for each node
[    0.000000] Early memory node rans
[    0.000000]   node   0: [mem 0x0000000000001000-0x000000000009efff]
[    0.000000]   node   0: [mem 0x0000000000100000-0x000000003ffeffff]
[    0.000000] Initmem setup de 0 [mem 0x0000000000001000-0x000000003ffeffff]
[    0.000000] ACPI: PM-Timer IO Port: 0x4008
[    0.000000] IOAPIC[0]: apic_id 2 veion 32 address 0xfec00000, GSI 0-23
[    0.000000] ACPI: INT_SRC_OVR (bus 0 bus_irq 0 global_irq 2 dfl dfl)
[    0.000000] ACPI: INT_SRC_OVR (bus 0 bus_irq 9 global_irq 9 low level)
[    0.000000] Using ACPI (MADT) for SMP configuration information
[    0.000000] spboot:Alling 2 CPUs, 0 hotplugPUs
[    0.000000] PM: Registered nosave memory: [mem 0x00000000-0x00000fff]
[   .000000] PM: Registed nosave memory: [mem 0x0009f000-0x0009ffff]
[    0.000000] PM: Registered nosave memory[mem 0x000a0000-0x000effff]
[    0.000000] PM: Registered nosaveemory[mem 0x000f0000-0x000fffff]
[  0.000000] e820: [mem 0x40000000-0xfebfffff] available for PCI devices
[    0.000000] Booting parartualiz kerneln KVM
[    0.000000] clocksource: refined-jiffies: mask: 0xffffffff max_cycles0xffffffff, max_idle_ns: 7645519600211568 ns
[    0000000] setup_percpu: NR_CP:512 nr_cpumask_bits:512 nr_cpu_ids:2 nr_node_ids:1
[    0.000000] PERCPU: Embedded 34 pages/cpu @ffff88003fc00000 s99608 r8192 d31464 u1048576
[    0.000000] PV qspinlock hash table entries: 256 (order: 0, 4096 bytes)
[    0.000000] Built 1 zonelists in Node order, mobility grouping on.  Total pages: 257912
[    0.000000] Policy zone: DMA32
[    0.000000] Kernel command line: BOOT_IMAGE=/boot/vmlinuz-4.4.0-137-generic root=LABEL=cloudimg-rootfs ro console=tty1 console=ttyS0
[    0.000000] PID hash table entries: 4096 (order: 3, 32768 bytes)
[    0.000000] Memory: 997716K/1048120K available (8555K kernel code, 1314K rwdata, 4004K rodata, 1528K init, 1316K bss, 50404K reserved, 0K cma-reserved)
[    0.000000] SLUB: HWalign=64, Order=0-3, MinObjects=0, CPUs=2, Nodes=1
[    0.000000] Kernel/User page tables isolation: enled
[    0.000000] Hierarchical RCU implementation.
[    0.000000] 	Build-time adjustment of leaf fanout to 64.
[  0.000000] 	RCU restricting CPUs from NR_CPUS=512 to nr_cpu_ids=2.
[    0.000000] RCU: Adjusting geometry for rcu_fanout_leaf=64, nr_cpu_ids=2
[    0.000000] NR_IRQS:33024 nr_irqs:440 16
[    0.000000] Console: colour VGA+ 80x25
[    0.000000] console [tty1] enabled
[    0.000000] console [ttyS0] enabled
[    0.000000] tsc: Detected 2712.004 MHz processor
[    3.177724] Calibrating delay loop (skipped) preset value.. 5424.00 BogoMIPS (lpj=10848016)
[    3.187683] pid_max: default: 32768 minimum: 301
[    3.189174] ACPI: Core revision 20150930
[    3.191454] ACPI: 2 ACPI AML tables successfully acquired and loaded
[    3.193496] Security Framework initialized
[    3.200561] Yama: becoming mindful.
[    3.201785] AppArmor: AppArmor initialized
[    3.209241] Dentry cache hash table entries: 131072 (order: 8, 1048576 bytes)
[    3.213652] Inode-cache hash table entries: 65536 (order: 7, 524288 bytes)
[    3.229023] Mount-cache hash table entries: 2048 (order: 2, 16384 bytes)
[    3.234668] Mountpoint-cache hash table entries: 2048 (order: 2, 16384 bytes)
[    3.242723] Initializing cgroup subsys io
[    3.243842] Initializing cgroup subsys memory
[    3.249181] Initializing cgroup subsys devices
[    3.271114] Initializing cgroup subsys freezer
[    3.292126] Initializing cgroup subsys net_cls
[    3.307319] Initializing cgroup subsys perf_event
[    3.332635] Initializing cgroup subsys net_prio
[    3.343079] Initializing cgroup subsys hugetlb
[    3.370075] Initializing cgroup subsys pids
[    3.389404] mce: CPU supports 0 MCE banks
[    3.426979] Last level iTLB entries: 4KB 64, 2MB 8, 4MB 8
[    3.447431] Last level dTLB entries: 4KB 64, 2MB 0, 4MB 0, 1GB 4
[    3.450341] Spectre V2 : Mitigation: Full generic retpoline
[    3.453109] Spectre V2 : Spectre v2 mitigation: Speculation control IBPB not-supported IBRS not-supported
[    3.485981] Spectre V2 : Spectre v2 / SpectreRSB mitigation: Filling RSB on context switch
[    3.502813] Speculative Store Bypass: Vulnerable
[    3.510686] Freeing SMP alternatives memory: 32K
[    3.534838] ftrace: allocating 32265 entries in 127 pages
[    3.647995] smpboot: APIC(0) Converting physical 0 to logical package 0
[    3.682992] smpboot: Max logical packages: 1
[    3.685254] x2apic enabled
[    3.687138] Switched APIC routing to physical x2apic.
[    3.690242] ..TIMER: vector=0x30 apic1=0 pin1=2 apic2=-1 pin2=-1
[    3.804769] smpboot: CPU0: Intel(R) Core(TM) i5-7200U CPU @ 2.50GHz (family: 0x6, model: 0x8e, stepping: 0x9)
[    3.848345] Performance Events: unsupported p6 CPU model 142 no PMU driver, software events only.
[    3.853567] KVM setup paravirtual spinlock
[    3.885214] x86: Booting SMP configuration:
[    3.899191] .... node  #0, CPUs:      #1
[    3.902181] kvm-clock: cpu 1, msr 0:3ffe3041, secondary cpu clock
[    3.932284] mce: CPU supports 0 MCE banks
[    3.953497] x86: Booted up 1 node, 2 CPUs
[    3.968067] smpboot: Total of 2 processors activated (10848.01 BogoMIPS)
[    4.000671] devtmpfs: initialized
[    4.028208] evm: security.selinux
[    4.029051] evm: security.SMACK64
[    4.035837] evm: security.SMACK64EXEC
[    4.036944] evm: security.SMACK64TRANSMUTE
[    4.046426] evm: security.SMACK64MMAP
[    4.047423] evm: security.ima
[    4.048557] evm: security.capability
[    4.050524] clocksource: jiffies: mask: 0xffffffff max_cycles: 0xffffffff, max_idle_ns: 7645041785100000 ns
[    4.059370] futex hash table entries: 512 (order: 3, 32768 bytes)
[    4.073245] pinctrl core: initialized pinctrl subsystem
[    4.074755] RTC time: 11:01:43, date: 10/13/18
[    4.076128] NET: Registered protocol family 16
[    4.109887] cpuidle: using governor ladder
[    4.133760] cpuidle: using governor menu
[    4.134882] PCCT header not found.
[    4.136096] ACPI: bus type PCI registered
[    4.143268] acpiphp: ACPI Hot Plug PCI Controller Driver version: 0.5
[    4.151984] PCI: Using configuration type 1 for base access
[    4.171821] ACPI: Added _OSI(Module Device)
[    4.180158] ACPI: Added _OSI(Processor Device)
[    4.183075] ACPI: Added _OSI(3.0 _SCP Extensions)
[    4.186683] ACPI: Added _OSI(Processor Aggregator Device)
[    4.201192] ACPI: Executed 1 blocks of module-level executable AML code
[    4.221469] ACPI: Interpreter enabled
[    4.223146] ACPI: (supports S0 S5)
[    4.230121] ACPI: Using IOAPIC for interrupt routing
[    4.237668] PCI: Using host bridge windows from ACPI; if necessary, use "pci=nocrs" and report a bug
[    4.244446] ACPI: PCI Root Bridge [PCI0] (domain 0000 [bus 00-ff])
[    4.251831] acpi PNP0A03:00: _OSC: OS supports [ASPM ClockPM Segments MSI]
[    4.259660] acpi PNP0A03:00: _OSC: not requesting OS control; OS requires [ExtendedConfig ASPM ClockPM MSI]
[    4.284154] acpi PNP0A03:00: fail to add MMCONFIG information, can't access extended PCI configuration space under this bridge.
[    4.324291] PCI host bridge to bus 0000:00
[    4.332429] pci_bus 0000:00: root bus resource [io  0x0000-0x0cf7 window]
[    4.388004] pci_bus 0000:00: root bus resource [io  0x0d00-0xffff window]
[    4.415470] pci_bus 0000:00: root bus resource [mem 0x000a0000-0x000bffff window]
[    4.440288] pci_bus 0000:00: root bus resource [mem 0x40000000-0xfdffffff window]
[    4.465823] pci_bus 0000:00: root bus resource [bus 00-ff]
[    4.496201] pci 0000:00:01.1: legacy IDE quirk: reg 0x10: [io  0x01f0-0x01f7]
[    4.502597] pci 0000:00:01.1: legacy IDE quirk: reg 0x14: [io  0x03f6]
[    4.506843] pci 0000:00:01.1: legacy IDE quirk: reg 0x18: [io  0x0170-0x0177]
[    4.510003] pci 0000:00:01.1: legacy IDE quirk: reg 0x1c: [io  0x0376]
[    4.575524] pci 0000:00:07.0: quirk: [io  0x4000-0x403f] claimed by PIIX4 ACPI
[    4.603228] pci 0000:00:07.0: quirk: [io  0x4100-0x410f] claimed by PIIX4 SMB
[    4.642584] ACPI: PCI Interrupt Link [LNKA] (IRQs 5 9 10 *11)
[    4.667283] ACPI: PCI Interrupt Link [LNKB] (IRQs 5 9 *10 11)
[    4.695185] ACPI: PCI Interrupt Link [LNKC] (IRQs 5 *9 10 11)
[    4.702297] ACPI: PCI Interrupt Link [LNKD] (IRQs 5 9 10 *11)
[    4.748668] ACPI: Enabled 2 GPEs in block 00 to 07
[    4.766259] vgaarb: setting as boot device: PCI:0000:00:02.0
[    4.770220] vgaarb: device added: PCI:0000:00:02.0,decodes=io+mem,owns=io+mem,locks=none
[    4.795982] vgaarb: loaded
[    4.798092] vgaarb: bridge control possible 0000:00:02.0
[    4.801883] SCSI subsystem initialized
[    4.804922] ACPI: bus type USB registered
[    4.807121] usbcore: registered new interface driver usbfs
[    4.809735] usbcore: registered new interface driver hub
[    4.825072] usbcore: registered new device driver usb
[    4.853424] PCI: Using ACPI for IRQ routing
[    4.884266] NetLabel: Initializing
[    4.903345] NetLabel:  domain hash size = 128
[    4.905437] NetLabel:  protocols = UNLABELED CIPSOv4
[    4.907430] NetLabel:  unlabeled traffic allowed by default
[    4.909787] amd_nb: Cannot enumerate AMD northbridges
[    4.934104] clocksource: Switched to clocksource kvm-clock
[    4.988347] AppArmor:ppmor Filesystem Enabled
[    5.147083] pnp: PnP ACPI init
[    5.149696] pnp: PnP ACPI: found 3 devices
[    5.276423] clocksource: acpi_pm: mask: 0xffffff max_cycles: 0xffffff, max_idle_ns: 2085701024 ns
[    5.278838] NET: Registered protocol family 2
[    5.280185] TCP established hash table entries: 8192 (order: 4, 65536 bytes)
[    5.287734] TCP bind hash table entries: 8192 (order: 5, 131072 bytes)
[    5.289614] TCP: Hash tables configured (established 8192 bind 8192)
[    5.291233] UDP hash table entries: 512 (order: 2, 16384 bytes)
[    5.292648] UDP-Lite hash table entries: 512 (order: 2, 16384 bytes)
[    5.294501] NET: Registered protocol family 1
[    5.295960] pci 0000:00:00.0: Limiting direct PCI/PCI transfer
[    5.363095] pci 0000:00:01.0: Activating ISA DMA hang workarounds
[    5.366250] Unpacking initramfs...
[  568075] Freeing initrd memory: 14788K

[    5.922684] platform rtc_cmos: registered platform RTC device (no PNP device found)
[    5.931436] Scanning for low memory corruption every 60 seconds
[    5.934924] audit: initializing netlink subsys (disabled)
[    5.948002] audit: type=2000 audit(1539428506.925:1): initialized
[    5.950181] Initialise system trusted keyring
[    5.952089] HugeTLB registered 2 MB page size, pre-allocated 0 pages
[    5.972359] zbud: loaded
[    5.982942] VFS: Disk quotas dquot_6.6.0
[    5.985865] VFS: Dquot-cache hash table entries: 512 (order 0, 4096 bytes)
[    5.995736] squashfs: version 4.0 (2009/01/31) Phillip Lougher
[    6.006809] fuse init (API version 7.23)
[    6.015208] Key type big_key registered
[    6.016443] Allocating IMA MOK and blacklist keyrings.
[    6.036505] Key type asymmetric registered
[    6.044577] Asymmetric key parser 'x509' registered
[    6.048281] Block layer SCSI generic (bsg) driver version 0.4 loaded (major 249)
[    6.067318] io scheduler noop registered
[    6.090501] io scheduler deadline registered (default)
[    6.116037] io scheduler cfq registered
[    6.147081] pci_hotplug: PCI Hot Plug PCI Core version: 0.5
[    6.149447] pciehp: PCI Express Hot Plug Controller Driver version: 0.4
[    6.184442] ACPI: AC Adapter [AC] (off-line)
[    6.192645] input: Power Button as /devices/LNXSYSTM:00/LNXPWRBN:00/input/input0
[    6.206555] ACPI: Power Button [PWRF]
[    6.208299] input: Sleep Button as /devices/LNXSYSTM:00/LNXSLPBN:00/input/input1
[    6.211731] ACPI: Sleep Button [SLPF]
[    6.215718] ACPI: Battery Slot [BAT0] (battery present)
[    6.218085] GHES: HEST is not enabled!
[    6.221554] Serial: 8250/16550 driver, 32 ports, IRQ sharing enabled
[    6.253945] 00:02: ttyS0 at I/O 0x3f8 (irq = 4, base_baud = 115200) is a 16550A
[    6.257058] Linux agpgart interface v0.103
[    6.260535] loop: module loaded
[    6.263276] scsi host0: ata_piix
[    6.271769] scsi host1: ata_piix
[    6.292683] ata1: PATA max UDMA/33 cmd 0x1f0 ctl 0x3f6 bmdma 0xd000 irq 14
[    6.300327] ata2: PATA max UDMA/33 cmd 0x170 ctl 0x376 bmdma 0xd008 irq 15
[    6.326684] libphy: Fixed MDIO Bus: probed
[    6.343044] tun: Universal TUN/TAP device driver, 1.6
[    6.352308] tun: (C) 1999-2004 Max Krasnyansky <maxk@qualcomm.com>
[    6.355558] PPP generic driver version 2.4.2
[    6.357802] ehci_hcd: USB 2.0 'Enhanced' Host Controller (EHCI) Driver
[    6.360713] ehci-pci: EHCI PCI platform driver
[    6.375182] ehci-platform: EHCI generic platform driver
[    6.376581] ohci_hcd: USB 1.1 'Open' Host Controller (OHCI) Driver
[    6.378655] ohci-pci: OHCI PCI platform driver
[    6.393254] ohci-platform: OHCI generic platform driver
[    6.397048] uhci_hcd: USB Universal Host Controller Interface driver
[    6.404751] i8042: PNP: PS/2 Controller [PNP0303:PS2K,PNP0f03:PS2M] at 0x60,0x64 irq 1,12
[    6.414375] serio: i8042 KBD port at 0x60,0x64 irq 1
[    6.416073] serio: i8042 AUX port at 0x60,0x64 irq 12
[    6.417803] mousedev: PS/2 mouse device common for all mice
[    6.426291] rtc_cmos rtc_cmos: rtc core: registered rtc_cmos as rtc0
[    6.435003] input: AT Translated Set 2 keyboard as /devices/platform/i8042/serio0/input/input2
[    6.446363] rtc_cmos rtc_cmos: alarms up to one day, 114 bytes nvram
[    6.448397] i2c /dev entries driver
[    6.450022] device-mapper: uevent: version 1.0.3
[    6.469294] device-mapper: ioctl: 4.34.0-ioctl (2015-10-28) initialised: dm-devel@redhat.com
[    6.480457] ledtrig-cpu: registered to indicate activity on CPUs
[    6.515968] NET: Registered protocol family 10
[    6.517442] NET: Registered protocol family 17
[    6.519554] Key type dns_resolver registered
[    6.520869] registered taskstats version 1
[    6.534185] Loading compiled-in X.509 certificates
[    6.555183] Loaded X.509 cert 'Build time autogenerated kernel key: 20acc96b50ca7641011eace69d32209215a9b56f'
[    6.582444] zswap: loaded using pool lzo/zbud
[    6.647056] Key type trusted registered
[    6.656753] Key type encrypted registered
[    6.665450] AppArmor: AppArmor sha1 policy hashing enabled
[    6.680881] ima: No TPM chip found, activating TPM-bypass!
[    6.685145] ima: Allocated hash algorithm: sha1
[    6.707987] evm: HMAC attrs: 0x1
[    6.718463]   Magic number: 6:129:24
[    6.733467] misc cpu_dma_latency: hash matches
[    6.749124] rtc_cmos rtc_cmos: setting system clock to 2018-10-13 11:01:46 UTC (1539428506)
[    6.775407] BIOS EDD facility v0.16 2004-Jun-25, 0 devices found
[    6.795106] EDD information not available.
[    6.802478] Freeing unused kernel memory: 1528K
[    6.814156] Write protecting the kernel read-only data: 14336k
[    6.819146] Freeing unused kernel memory: 1672K
[    6.827105] Freeing unused kernel memory: 92K
Loading, please wait...
starting version[    6.857565] random: systemd-udevd: uninitialized urandom read (16 bytes read, 5 bits of entropy available)
 229
[    6.859398] random: udevadm: uninitialized urandom read (16 bytes read, 5 bits of entropy available)
[    6.859431] random: udevadm: uninitialized urandom read (16 bytes read, 5 bits of entropy available)
[    6.883638] random: udevadm: uninitialized urandom read (16 bytes read, 5 bits of entropy available)
[    6.883742] random: udevadm: uninitialized urandom read (16 bytes read, 5 bits of entropy available)
[    6.884127] random: udevadm: uninitialized urandom read (16 bytes read, 5 bits of entropy available)
[    6.884217] random: udevadm: uninitialized urandom read (16 bytes read, 5 bits of entropy available)
[    6.884303] random: udevadm: uninitialized urandom read (16 bytes read, 5 bits of entropy available)
[    6.884388] random: udevadm: uninitialized urandom read (16 bytes read, 5 bits of entropy available)
[    6.884516] random: udevadm: uninitialized urandom read (16 bytes read, 5 bits of entropy available)
[    6.922706] tsc: Refined TSC clocksource calibration: 2712.828 MHz
[    6.922709] clocksource: tsc: mask: 0xffffffffffffffff max_cycles: 0x271a946b4e6, max_idle_ns: 440795217998 ns
[    7.195776] e1000: Intel(R) PRO/1000 Network Driver - version 7.3.21-k8-NAPI
[    7.197940] e1000: Copyright (c) 1999-2006 Intel Corporation.
[    7.200926] Fusion MPT base driver 3.04.20
[    7.202285] Copyright (c) 1999-2008 LSI Corporation
[    7.238648] Fusion MPT SPI Host driver 3.04.20
[    7.252887] AVX2 version of gcm_enc/dec engaged.
[    7.273025] AES CTR mode by8 optimization enabled
[    7.436251] input: ImExPS/2 Generic Explorer Mouse as /devices/platform/i8042/serio1/input/input4
[    7.707637] e1000 0000:00:03.0 eth0: (PCI:33MHz:32-bit) 02:28:89:27:00:51
[    7.725151] e1000 0000:00:03.0 eth0: Intel(R) PRO/1000 Network Connection
[    8.339287] e1000 0000:00:08.0 eth1: (PCI:33MHz:32-bit) 08:00:27:0b:f8:27
[    8.366588] e1000 0000:00:08.0 eth1: Intel(R) PRO/1000 Network Connection
[    8.952786] e1000 0000:00:09.0 eth2: (PCI:33MHz:32-bit) 08:00:27:6d:8a:07
[    8.981959] e1000 0000:00:09.0 eth2: Intel(R) PRO/1000 Network Connection
[    8.987421] mptbase: ioc0: Initiating bringup
[    8.991007] e1000 0000:00:03.0 enp0s3: renamed from eth0
[    9.010946] e1000 0000:00:08.0 enp0s8: renamed from eth1
[    9.034599] e1000 0000:00:09.0 enp0s9: renamed from eth2
[    9.050645] ioc0: LSI53C1030 A0: Capabilities={Initiator}
[    9.276510] scsi host2: ioc0: LSI53C1030 A0, FwRev=00000000h, Ports=1, MaxQ=256, IRQ=20
[    9.407677] scsi 2:0:0:0: Direct-Access     VBOX     HARDDISK         1.0  PQ: 0 ANSI: 5
[    9.420140] scsi target2:0:0: Beginning Domain Validation
[    9.438427] scsi target2:0:0: Domain Validation skipping write tests
[    9.496762] scsi target2:0:0: Ending Domain Validation
[    9.503924] scsi target2:0:0: asynchronous
[    9.513935] scsi 2:0:1:0: Direct-Access     VBOX     HARDDISK         1.0  PQ: 0 ANSI: 5
[    9.529883] scsi target2:0:1: Beginning Domain Validation
[    9.547303] scsi target2:0:1: Domain Validation skipping write tests
[    9.561350] scsi target2:0:1: Ending Domain Validation
[    9.566960] scsi target2:0:1: asynchronous
[    9.588308] sd 2:0:0:0: Attached scsi generic sg0 type 0
[    9.593683] sd 2:0:0:0: [sda] 20971520 512-byte logical blocks: (10.7 GB/10.0 GiB)
[    9.644062] sd 2:0:1:0: Attached scsi generic sg1 type 0
[    9.644538] sd 2:0:1:0: [sdb] 20480 512-byte logical blocks: (10.5 MB/10.0 MiB)
[    9.644742] sd 2:0:1:0: [sdb] Write Protect is off
[    9.644869] sd 2:0:1:0: [sdb] Incomplete mode parameter data
[    9.644871] sd 2:0:1:0: [sdb] Assuming drive cache: write through
[    9.648102] sd 2:0:1:0: [sdb] Attached SCSI disk
[    9.678791] sd 2:0:0:0: [sda] Write Protect is off
[    9.678865] sd 2:0:0:0: [sda] Incomplete mode parameter data
[    9.678867] sd 2:0:0:0: [sda] Assuming drive cache: write through
[    9.680047]  sda: sda1
[    9.680766] sd 2:0:0:0: [sda] Attached SCSI disk
Begin: Loading e[   11.438390] md: linear personality registered for level -1
ssential drivers ... [   11.453983] md: multipath personality registered for level -4
[   11.469740] md: raid0 personality registered for level 0
[   11.504190] md: raid1 personality registered for level 1
[   11.606167] raid6: sse2x1   gen()  5090 MB/s
[   11.682389] raid6: sse2x1   xor()  3647 MB/s
[   11.762280] raid6: sse2x2   gen()  7322 MB/s
[   11.854493] raid6: sse2x2   xor()  4855 MB/s
[   11.930400] raid6: sse2x4   gen()  8374 MB/s
[   12.018113] raid6: sse2x4   xor()  5204 MB/s
[   12.090172] raid6: avx2x1   gen()  8194 MB/s
[   12.174378] raid6: avx2x2   gen()  9500 MB/s
[   12.242343] raid6: avx2x4   gen() 10570 MB/s
[   12.294593] raid6: using algorithm avx2x4 gen() 10570 MB/s
[   12.297887] raid6: using avx2x2 recovery algorithm
[   12.323286] xor: automatically using best checksumming function:
[   12.366352]    avx       : 11097.000 MB/sec
[   12.410805] async_tx: api initialized (async)
[   12.431865] md: raid6 personality registered for level 6
[   12.433332] md: raid5 personality registered for level 5
[   12.441572] md: raid4 personality registered for level 4
[   12.482683] md: raid10 personality registered for level 10
done.
Begin: Running /scripts/init-premount ... done.
Begin: Mounting root file system ... Begin: Running /scripts/local-top ... done.
Begin: Running /scripts/local-premount ... [   12.536334] Btrfs loaded
Scanning for Btrfs filesystems
done.
Warning: fsck not present, so sk[   12.584594] EXT4-fs (sda1): INFO: recovery required on readonly filesystem
ipping root file system
[   12.591460] EXT4-fs (sda1): write access will be enabled during recovery
[   12.644325] EXT4-fs (sda1): recovery complete
[   12.645893] EXT4-fs (sda1): mounted filesystem with ordered data mode. Opts: (null)
done.
Begin: Running /scripts/local-bottom ... done.
Begin: Running /scripts/init-bottom ... done.
[   12.769698] systemd[1]: systemd 229 running in system mode. (+PAM +AUDIT +SELINUX +IMA +APPARMOR +SMACK +SYSVINIT +UTMP +LIBCRYPTSETUP +GCRYPT +GNUTLS +ACL +XZ -LZ4 +SECCOMP +BLKID +ELFUTILS +KMOD -IDN)
[   12.793760] systemd[1]: Detected virtualization oracle.
[   12.801279] systemd[1]: Detected architecture x86-64.

Welcome to [1mUbuntu 16.04.5 LTS[0m!

[   12.806161] systemd[1]: Set hostname to <ubuntu-xenial>.
[   13.058045] systemd[1]: Created slice System Slice.
[[0;32m  OK  [0m] Created slice System Slice.
[   13.069503] systemd[1]: Reached target Encrypted Volumes.
[[0;32m  OK  [0m] Reached target Encrypted Volumes.
[   13.076041] systemd[1]: Listening on Journal Socket (/dev/log).
[[0;32m  OK  [0m] Listening on Journal Socket (/dev/log).
[   13.082987] systemd[1]: Started Forward Password Requests to Wall Directory Watch.
[[0;32m  OK  [0m] Started Forward Password Requests to Wall Directory Watch.
[   13.090483] systemd[1]: Listening on Syslog Socket.
[[0;32m  OK  [0m] Listening on Syslog Socket.
[   13.107703] systemd[1]: Reached target User and Group Name Lookups.
[[0;32m  OK  [0m] Reached target User and Group Name Lookups.
[   13.119944] systemd[1]: Reached target System Time Synchronized.
[[0;32m  OK  [0m] Reached target System Time Synchronized.
[   13.142606] systemd[1]: Listening on /dev/initctl Compatibility Named Pipe.
[[0;32m  OK  [0m] Listening on /dev/initctl Compatibility Named Pipe.
[   13.165293] systemd[1]: Listening on Journal Audit Socket.
[[0;32m  OK  [0m] Listening on Journal Audit Socket.
[   13.168636] systemd[1]: Listening on LVM2 poll daemon socket.
[[0;32m  OK  [0m] Listening on LVM2 poll daemon socket.
[   13.179541] systemd[1]: Listening on udev Kernel Socket.
[[0;32m  OK  [0m] Listening on udev Kernel Socket.
[   13.182257] systemd[1]: Listening on udev Control Socket.
[[0;32m  OK  [0m] Listening on udev Control Socket.
[   13.191961] systemd[1]: Listening on Device-mapper event daemon FIFOs.
[[0;32m  OK  [0m] Listening on Device-mapper event daemon FIFOs.
[   13.204800] systemd[1]: Created slice system-serial\x2dgetty.slice.
[[0;32m  OK  [0m] Created slice system-serial\x2dgetty.slice.
[   13.218451] systemd[1]: Started Trigger resolvconf update for networkd DNS.
[[0;32m  OK  [0m] Started Trigger resolvconf update for networkd DNS.
[   13.234397] systemd[1]: Listening on Journal Socket.
[[0;32m  OK  [0m] Listening on Journal Socket.
[   13.294954] systemd[1]: Starting Set console keymap...
         Starting Set console keymap...
[   13.351754] systemd[1]: Starting Uncomplicated firewall...
         Starting Uncomplicated firewall...
[   13.365388] systemd[1]: Starting Load Kernel Modules...
         Startin[   13.386383] Loading iSCSI transport class v2.0-870.
g Load Kernel Modules...
[   13.409518] systemd[1]: Starting Journal Service...
         Starting Journal Service...
[   13.424616] systemd[1]: Starting Remount Root and Kernel File Systems...
[   13.445799] EXT4-fs (sda1): re-mounted. Opts: (null)
[   13.447662] random: nonblocking pool is initialized
         Startin[   13.462161] iscsi: registered transport (tcp)
g Remount Root and Kernel File Systems...
[   13.506417] systemd[1]: Mounting Debug File System...
         Mounting Debug File System...
[   13.529537] systemd[1]: Starting Nameserver information manager...
         Starting Nameser[   13.554581] iscsi: registered transport (iser)
ver information manager...
[   13.606669] systemd[1]: Mounting POSIX Message Queue File System...
         Mounting POSIX Message Queue File System...
[   13.656626] systemd[1]: Starting Create list of required static device nodes for the current kernel...
         Starting Create list of required st... nodes for the current kernel...
[   13.691059] systemd[1]: Reached target Swap.
[[0;32m  OK  [0m] Reached target Swap.
[   13.698984] systemd[1]: Listening on M2 medata daemon socket.
[[0;32m  OK  [0m] Listening on LVM2 metadata daemon socket.
[   13.958855] systemd[1]: Starting Monitoring of LVM2 mirrors, snapshots etc. using dmeventd or progress polling...
         Starting Monitoring of LVM2 mirrors... dmeventd or progress polling...
[   14.0238] systemd[1]: Set up automount Arbitrary Executable File Formats File System Automount Point.
[[0;32m  OK  [0m] Set up automount Arbitrary Executab...ats File System Automount Point.
[   14.205034] systemd[1]: Created slice User and Session Slice.
[[0;32m  OK  [0m] Created slice User and Session Slice.
[   14.218766] systemd[1]: Reached target Slices.
[[0;32m  OK  [0m] Reached target Slices.
[   14.234377] systemd[1]: Mounting Huge Pages File System...
         Mounting Huge Pages File System...
[   14.246637] systemd[1]: Mounted Debug File System.
[[0;32m  OK  [0m] Mounted Debug File System.
[   14.273735] systemd[1]: Mounted POSIX Message Queue File System.
[[0;32m  OK  [0m] Mounted POSIX Message Queue File System.
[   14.289295] systemd[1]: Mounted Huge Pages File System.
[[0;32m  OK  [0m] Mounted Huge Pages File System.
[   14.293658] systemd[1]: Started Journal Service.
[[0;32m  OK  [0m] Started Journal Service.
[[0;32m  OK  [0m] Started Set console keymap.
[[0;32m  OK  [0m] Started Uncomplicated firewall.
[[0;32m  OK  [0m] Started Load Kernel Modules.
[[0;32m  OK  [0m] Started Remount Root and Kernel File Systems.
[[0;32m  OK  [0m] Started Create list of required sta...ce nodes for the current kernel.
[[0;32m  OK  [0m] Started Nameserver information manager.
[[0;32m  OK  [0m] Started LVM2 metadata daemon.
         Starting Create Static Device Nodes in /dev...
         Starting udev Coldplug all Devices...
         Starting Load/Save Random Seed...
         Starting Apply Kernel Variables...
         Mounting FUSE Control File System...
         Starting Flush Journal to Persistent Storage...
[[0;32m  OK  [0m] Mounted FUSE Control File System.
[[0;32m  OK  [0m] Started Create Static Device Nodes in /dev.
[[0;32m  OK  [0m] Started Load/Save Random Seed.
[[0;32m  OK  [0m] Started Apply Kernel Variables.
[[0;32m  OK  [0m] Started udev Coldplug all Devices.
         Starting udev Kernel Device Manager...
[[0;32m  OK  [0m] Started Flush Journal to Persistent Storage.
[[0;32m  OK  [0m] Started udev Kernel Device Manager.
[[0;32m  OK  [0m] Started Dispatch Password Requests to Console Directory Watch.
[[0;32m  OK  [0m] Started Monitoring of LVM2 mirrors,...ng dmeventd or progress polling.
[[0;32m  OK  [0m] Reached target Local File Systems (Pre).
[[0;32m  OK  [0m] Reached target Local File Systems.
         Starting Initial cloud-init job (pre-networking)...
         Starting LSB: AppArmor initialization...
         Starting Set console font and keymap...
         Starting Tell Plymouth To Write Out Runtime Data...
         Starting Create Volatile Files and Directories...
[[0;32m  OK  [0m] Started Tell Plymouth To Write Out Runtime Data.
[[0;32m  OK  [0m] Started Create Volatile Files and Directories.
         Starting Update UTMP about System Boot/Shutdown...
[[0;32m  OK  [0m] Started Update UTMP about System Boot/Shutdown.
[[0;32m  OK  [0m] Found device /dev/ttyS0.
[[0;32m  OK  [0m] Started LSB: AppArmor initialization.
[[0;32m  OK  [0m] Listening on Load/Save RF Kill Switch Status /dev/rfkill Watch.
[[0;32m  OK  [0m] Found device 82540EM Gigabit Ethern...r (PRO/1000 MT Desktop Adapter).
[[0;32m  OK  [0m] Found device 82540EM Gigabit Ethern...r (PRO/1000 MT Desktop Adapter).
[   12.217586] cloud-init[475]: Cloud-init v. 18.3-9-g2e62cb8a-0ubuntu1~16.04.2 running 'init-local' at Sat, 13 Oct 2018 11:01:55 +0000. Up 11.72 seconds.
[[0;32m  OK  [0m] Started Initial cloud-init job (pre-networking).
[[0;32m  OK  [0m] Reached target Network (Pre).
         Starting Raise network interfaces...
[[0;32m  OK  [0m] Started ifup for enp0s8.
[[0;32m  OK  [0m] Started ifup for enp0s3.
[[0;32m  OK  [0m] Started Set console font and keymap.
[[0;32m  OK  [0m] Created slice system-getty.slice.
[[0;32m  OK  [0m] Started Raise network interfaces.
         Starting Initial cloud-init job (metadata service crawler)...
[[0;32m  OK  [0m] Reached target Network.
[   15.979498] cloud-init[1109]: Cloud-init v. 18.3-9-g2e62cb8a-0ubuntu1~16.04.2 running 'init' at Sat, 13 Oct 2018 11:01:59 +0000. Up 15.51 seconds.
[   15.985672] cloud-init[1109]: ci-info: +++++++++++++++++++++++++++++++++++++++Net device info+++++++++++++++++++++++++++++++++++++++
[   16.018232] cloud-init[1109]: ci-info: +--------+-------+-----------------------------+---------------+--------+-------------------+
[   16.060908] cloud-init[[0;32m  OK  [0m] Started Initial cloud-init job (metadata service crawler).
[1109]: ci-info: | Device |   Up  |           Address           |      Mask     | Scope  |     Hw-Address    |
[[0;32m  OK  [0m] Reached target Cloud-config availability.
[[0;32m  OK  [0m] Reached target Network is Online.
[   16.065653] cloud-init[1109]: ci-info: +--------+-------+-----------------------------+---------------+--------+-------------------+
[   16.121303]          Starting iSCSI initiator daemon (iscsid)...
[[0;32m  OK  [0m] Reached target System Initialization.
cloud-init[1109]: ci-info: | enp0s3 |  True |          10.0.2.15          | 255.255.255.0 | global | 02:28:89:27:00:51 |
[   16.129934] [cloud-init[0;32m  OK  [0m[1109]: ] ci-info: | enp0s3 |  True |   fe80::28:89ff:fe27:51/64  |       .       |  link  | 02:28:89:27:00:51 |Started ACPI Events Check.

[[0;32m  OK  [0m] Reached target Paths.
[[0;32m  OK  [0m] Listening on ACPID Listen Socket.
         Starting Socket activation for snappy daemon.
[[0;32m  OK  [0m] Started Daily Cleanup of Temporary Directories.
[[0;32m  OK  [0m] Listening on D-Bus System Message Bus Socket.
[[0;32m  OK  [0m] Started Daily apt download activities.
         Starting LXD - unix socket.
[   16.130616] cloud-init[1109]: ci-info: | enp0s8 |  True |        192.168.0.114        | 255.255.255.0 | global | 08:00:27:0b:f8:27 |
[   16.164253] [[0;32m  OK  [0m] Listening on UUID daemon activation socket.
[[0;32m  OK  [0m] Started Daily apt upgrade and clean activities.
[[0;32m  OK  [0m] Reached target Timers.
cloud-init[1109]: ci-info: | enp0s8 |  True | fe80::a00:27ff:fe0b:f827/64 |       .       |  link  | 08:00:27:0b:f8:27 |
[   16.179012] cloud-init[1109]: ci-info: | enp0s9 | False |              .              |       .       |   .    | 08:00:27:6d:8a:07 |
[   16.195574] [[0;32m  OK  [0m] Listening on Socket activation for snappy daemon.
[[0;32m  OK  [0m] Listening on LXD - unix socket.
[[0;32m  OK  [0m] Started iSCSI initiator daemon (iscsid).
cloud-init[1109]: ci-info: |   lo   |  True |          127.0.0.1          |   255.0.0.0   |  host  |         .         |
[   16.212764]          cloud-initStarting Login to default iSCSI targets...[1109]: 
ci-info: |   lo   |  True |           ::1/128           |       .       |  host  |         .         |
[   16.240220] [[0;32m  OK  [0m] Reached target Sockets.
[[0;32m  OK  [0m] Reached target Basic System.
cloud-init[1109]: ci-info: +--------+-------+-----------------------------+---------------+--------+-------------------+
[   16.250609] cloud-init[1109]: ci-info: +++++++++++++++++++++++++++Route IPv4 info++++++++++++++++++++++++++++         Starting LSB: Record successful boot for GRUB...

[   16.277583]          Starting Login Service...
cloud-init[1109]: ci-info: +-------+-------------+----------+---------------+-----------+-------+
[   16.292806] [cloud-init[0;32m  OK  [0m[1109]: ] ci-info: | Route | Destination | Gateway  |    Genmask    | Interface | Flags |Started Regular background program processing daemon.

[   16.293622] cloud-init[1109]: ci-info: +-------+-------------+----------+---------------+-----------+-------+
[   16.353894]          cloud-initStarting OpenBSD Secure Shell server...[1109]: 
ci-info: |   0   |   0.0.0.0   | 10.0.2.2 |    0.0.0.0    |   enp0s3  |   UG  |
[   16.383105]          Starting Accounts Service...
cloud-init[1109]: ci-info: |   1   |   10.0.2.0  | 0.0.0.0  | 255.255.255.0 |   enp0s3  |   U   |
[   16.416488] cloud-init[1109]: ci-info: |   2   | 192.168.0.0 | 0.0.0.0  | 255.255.255.0 |   enp0s8  |   U   |
[   16.433151] cloud-init[1109]: ci-info: +-------+-------------+----------+---------------+-----------+-------+
[   16.433968] cloud-init[1109]: ci-info: +++++++++++++++++++Route IPv6 info+++++++++++++++++++
[   16.434103] cloud-init[1109]: ci-info: +-------+-------------+---------+-----------+-------+
         Starting /etc/rc.local Compatibility...
[   16.434262] cloud-init[1109]: ci-info: | Route | Destination | Gateway | Interface | Flags |
[   16.462800] cloud-init[1109]: ci-info: +-------+-------------+---------+-----------+-------+
[   16.463298] cloud-init[1109]: ci-info: |   0   |  fe80::/64  |    ::   |   enp0s3  |   U   |
[   16.463553] cloud-init[1109]: ci-info: |   1   |  fe80::/64  |    ::   |   enp0s8  |   U   |
[   16.463805] cloud-init[1109]: ci-info: |   6   |   ff00::/8  |    ::   |   enp0s3  |   U   |
[   16.464065] cloud-init[1109]: ci-info: |   7   |   ff00::/8  |    ::   |   enp0s8  |   U   |
[   16.464265] cloud-init[1109]: ci-info: +-------+-------------+---------+-----------+-------+
[[0;32m  OK  [0m] Started Unattended Upgrades Shutdown.
         Starting LSB: MD monitoring daemon...
         Starting Snappy daemon...
         Starting LXD - container startup/shutdown...
[[0;32m  OK  [0m] Started FUSE filesystem for LXC.
[[0;32m  OK  [0m] Started ACPI event daemon.
         Starting Virtualbox guest utils...
[[0;32m  OK  [0m] Started Deferred execution scheduler.
[[0;32m  OK  [0m] Started D-Bus System Message Bus.
         Starting System Logging Service...
[[0;32m  OK  [0m] Started OpenBSD Secure Shell server.
[[0;32m  OK  [0m] Started System Logging Service.
[[0;32m  OK  [0m] Started /etc/rc.local Compatibility.
[[0;32m  OK  [0m] Started LXD - container startup/shutdown.
[[0;32m  OK  [0m] Started Login to default iSCSI targets.
[[0;32m  OK  [0m] Started Snappy daemon.
[[0;32m  OK  [0m] Started LSB: Record successful boot for GRUB.
[[0;32m  OK  [0m] Started LSB: MD monitoring daemon.
[[0;32m  OK  [0m] Started Login Service.
         Starting Authenticate and Authorize Users to Run Privileged Tasks...
         Starting Wait until snapd is fully seeded...
[[0;32m  OK  [0m] Reached target Remote File Systems (Pre).
[[0;32m  OK  [0m] Reached target Remote File Systems.
         Starting Permit User Sessions...
         Starting LSB: daemon to balance interrupts for SMP systems...
         Starting LSB: automatic crash report generation...
         Starting LSB: Set the CPU Frequency Scaling governor to "ondemand"...
[[0;32m  OK  [0m] Started Virtualbox guest utils.
[[0;32m  OK  [0m] Started Wait until snapd is fully seeded.
[[0;32m  OK  [0m] Started Permit User Sessions.
[[0;32m  OK  [0m] Started Authenticate and Authorize Users to Run Privileged Tasks.
[[0;32m  OK  [0m] Started Accounts Service.
         Starting Terminate Plymouth Boot Screen...
         Starting Hold until boot process finishes up...
         Starting Apply the settings specified in cloud-config...
[[0;32m  OK  [0m] Started LSB: daemon to balance interrupts for SMP systems.
[[0;32m  OK  [0m] Started Terminate Plymouth Boot Screen.
[[0;32m  OK  [0m] Started Hold until boot process finishes up.
[[0;32m  OK  [0m] Started LSB: Set the CPU Frequency Scaling governor to "ondemand".
[[0;32m  OK  [0m] Started Serial Getty on ttyS0.
         Starting Set console scheme...
[[0;32m  OK  [0m] Started Getty on tty1.
[[0;32m  OK  [0m] Reached target Login Prompts.
[[0;32m  OK  [0m] Started LSB: automatic crash report generation.
[[0;32m  OK  [0m] Started Set console scheme.
[[0;32m  OK  [0m] Reached target Multi-User System.
[[0;32m  OK  [0m] Reached target Graphical Interface.
         Starting Update UTMP about System Runlevel Changes...
[[0;32m  OK  [0m] Started Update UTMP about System Runlevel Changes.
[   17.652264] cloud-init[1317]: Cloud-init v. 18.3-9-g2e62cb8a-0ubuntu1~16.04.2 running 'modules:config' at Sat, 13 Oct 2018 11:02:01 +0000. Up 17.46 seconds.
[[0;32m  OK  [0m] Started Apply the settings specified in cloud-config.
         Starting Execute cloud user/final scripts...
[[0;32m  OK  [0m] Created slice User Slice of vagrant.
         Starting User Manager for UID 1000...
[[0;32m  OK  [0m] Started Session 1 of user vagrant.
[[0;32m  OK  [0m] Started User Manager for UID 1000.
[   18.490622] cloud-init[1355]: Cloud-init v. 18.3-9-g2e62cb8a-0ubuntu1~16.04.2 running 'modules:final' at Sat, 13 Oct 2018 11:02:02 +0000. Up 18.29 seconds.
[   18.498252] cloud-init[1355]: Cloud-init v. 18.3-9-g2e62cb8a-0ubuntu1~16.04.2 finished at Sat, 13 Oct 2018 11:02:02 +0000. Datasource DataSourceNoCloud [seed=/dev/sdb][dsmode=net].  Up 18.48 seconds
[[0;32m  OK  [0m] Started Execute cloud user/final scripts.
[[0;32m  OK  [0m] Reached target Cloud-init target.

Ubuntu 16.04.5 LTS ubuntu-xenial ttyS0

ubuntu-xenial login:          Stopping ACPI event daemon...
         Stopping Authenticate and Authorize Users to Run Privileged Tasks...
[[0;32m  OK  [0m] Stopped target Timers.
[[0;32m  OK  [0m] Stopped Daily apt upgrade and clean activities.
[[0;32m  OK  [0m] Stopped Daily apt download activities.
[[0;32m  OK  [0m] Stopped target System Time Synchronized.
[[0;32m  OK  [0m] Stopped target Graphical Interface.
         Stopping Accounts Service...
         Stopping Session 1 of user vagrant.
         Stopping Session 4 of user vagrant.
[[0;32m  OKe         Stopping Virtualbox guest utils...
         Stopping User Manager for UID 1000...
         Stopping LSB: Record successful boot for GRUB...
[[0;32m  OK  [0m] Stopped Daily Cleanup of Temporary Directories.
         Stopping LXD - container startup/shutdown...
[[0;32m  OK  [0m] Unmounted /var/lib/lxcfs.
[[0;32m  OK  [0m] Stopped Regular background program processing daemon.
[[0;32m  OK  [0m] Stopped OpenBSD Secure Shell server.
[[0;32m  OK  [0m] Stopped Accounts Service.
[[0;32m  OK  [0m] Stopped Snappy daemon.
[[0;32m  OK  [0m] Stopped ACPI event daemon.
[[0;32m  OK  [0m] Stopped Deferred execution scheduler.
[[0;32m  OK  [0m] Stopped System Logging Service.
[[0;32m  OK  [0m] Stopped Authenticate and Authorize Users to Run Privileged Tasks.
[[0;32m  OK  [0m] Stopped Serial Getty on ttyS0.
[[0;32m  OK  [0m] Stopped Getty on tty1.
[[0;32m  OK  [0m] Stopped User Manager for UID 1000.
[[0;32m  OK  [0m] Stopped Session 1 of user vagrant.
[[0;32m  OK  [0m] Stopped Session 4 of user vagrant.
[[0;32m  OK  [0m] Stopped Unattended Upgrades Shutdown.
[[0;32m  OK  [0m] Stopped D-Bus System Message Bus.
[[0;32m  OK  [0m] Stopped FUSE filesystem for LXC.
[[0;32m  OK  [0m] Stopped LSB: automatic crash report generation.
[[0;32m  OK  [0m] Stopped LSB: daemon to balance interrupts for SMP systems.
[[0;32m  OK  [0m] Stopped LSB: Set the CPU Frequency Scaling governor to "ondemand".
[[0;32m  OK  [0m] Stopped LSB: MD monitoring daemon.
[[0;32m  OK  [0m] Stopped Virtualbox guest utils.
[[0;32m  OK  [0m] Stopped LXD - container startup/shutdown.
[[0;32m  OK  [0m] Stopped LSB: Record successful boot for GRUB.
[[0;32m  OK  [0m] Removed slice User Slice of vagrant.
         Stopping Login Service...
[[0;32m  OK  [0m] Removed slice system-getty.slice.
[[0;32m  OK  [0m] Removed slice system-serial\x2dgetty.slice.
[[0;32m  OK  [0m] Stopped /etc/rc.local Compatibility.
         Stopping Permit User Sessions...
[[0;32m  OK  [0m] Stopped Login Service.
[[0;32m  OK  [0m] Stopped Permit User Sessions.
[[0;32m  OK  [0m] Stopped target Remote File Systems.
[[0;32m  OK  [0m] Stopped target Remote File Systems (Pre).
         Stopping Login to default iSCSI targets...
[[0;32m  OK  [0m] Stopped target Basic System.
[[0;32m  OK  [0m] Stopped target Sockets.
[[0;32m  OK  [0m] Closed ACPID Listen Socket.
[[0;32m  OK  [0m] Closed Syslog Socket.
[[0;32m  OK  [0m] Closed UUID daemon activation socket.
[[0;32m  OK  [0m] Closed LXD - unix socket.
[[0;32m  OK  [0m] Closed Socket activation for snappy daemon.
[[0;32m  OK  [0m] Stopped target Slices.
[[0;32m  OK  [0m] Stopped target Paths.
[[0;32m  OK  [0m] Stopped Forward Password Requests to Wall Directory Watch.
[[0;32m  OK  [0m] Stopped Dispatch Password Requests to Console Directory Watch.
[[0;32m  OK  [0m] Stopped ACPI Events Check.
[[0;32m  OK  [0m] Stopped target User and Group Name Lookups.
[[0;32m  OK  [0m] Removed slice User and Session Slice.
[[0;32m  OK  [0m] Closed D-Bus System Message Bus Socket.
[[0;32m  OK  [0m] Stopped target System Initialization.
         Stopping Load/Save Random Seed...
[[0;32m  OK  [0m] Stopped target Swap.
         Stopping Update UTMP about System Boot/Shutdown...
[[0;32m  OK  [0m] Stopped target Encrypted Volumes.
[[0;32m  OK  [0m] Stopped Load/Save Random Seed.
[[0;32m  OK  [0m] Stopped Login to default iSCSI targets.
[[0;32m  OK  [0m] Stopped Update UTMP about System Boot/Shutdown.
[[0;32m  OK  [0m] Stopped Create Volatile Files and Directories.
         Stopping iSCSI initiator daemon (iscsid)...
[[0;32m  OK  [0m] Stopped iSCSI initiator daemon (iscsid).
[[0;32m  OK  [0m] Stopped target Network is Online.
[[0;32m  OK  [0m] Stopped Initial cloud-init job (metadata service crawler).
[[0;32m  OK  [0m] Stopped target Network.
         Stopping Raise network interfaces...
[[0;32m  OK  [0m] Stopped Raise network interfaces.
[[0;32m  OK  [0m] Stopped target Local File Systems.
         Unmounting /vagrant...
         Unmounting /run/user/1000...
[[0;32m  OK  [0m] Stopped Apply Kernel Variables.
[[0;32m  OK  [0m] Stopped Load Kernel Modules.
[[0;32m  OK  [0m] Stopped target Network (Pre).
[[0;32m  OK  [0m] Stopped Initial cloud-init job (pre-networking).
[[0;32m  OK  [0m] Unmounted /vagrant.
[[0;32m  OK  [0m] Unmounted /run/user/1000.
[[0;32m  OK  [0m] Reached target Unmount All Filesystems.
[[0;32m  OK  [0m] Stopped target Local File Systems (Pre).
[[0;32m  OK  [0m] Stopped Remount Root and Kernel File Systems.
[[0;32m  OK  [0m] Stopped Create Static Device Nodes in /dev.
[[0;32m  OK  [0m] Reached target Shutdown.
[  979.864476] reboot: Power down
